Archive member included to satisfy reference by file (symbol)

d:/projects/saturn/yaul/opt/x-tools/sh2eb-elf/bin/../lib/gcc/sh2eb-elf/8.3.0\libgcc.a(_ashiftrt.o)
                              sh2doom-1.10/p_map.o (___ashiftrt_r4_6)
d:/projects/saturn/yaul/opt/x-tools/sh2eb-elf/bin/../lib/gcc/sh2eb-elf/8.3.0\libgcc.a(_ashiftrt_n.o)
                              sh2doom-1.10/r_main.o (___ashrsi3)
d:/projects/saturn/yaul/opt/x-tools/sh2eb-elf/bin/../lib/gcc/sh2eb-elf/8.3.0\libgcc.a(_ashiftlt.o)
                              sh2doom-1.10/p_mobj.o (___ashlsi3_r0)
d:/projects/saturn/yaul/opt/x-tools/sh2eb-elf/bin/../lib/gcc/sh2eb-elf/8.3.0\libgcc.a(_movmem.o)
                              sh2doom-1.10/d_net.o (___movmem)
d:/projects/saturn/yaul/opt/x-tools/sh2eb-elf/bin/../lib/gcc/sh2eb-elf/8.3.0\libgcc.a(_sdivsi3.o)
                              sh2doom-1.10/am_map.o (___sdivsi3)
d:/projects/saturn/yaul/opt/x-tools/sh2eb-elf/bin/../lib/gcc/sh2eb-elf/8.3.0\libgcc.a(_udivsi3.o)
                              sh2doom-1.10/r_segs.o (___udivsi3)
d:/projects/saturn/yaul/opt/x-tools/sh2eb-elf/bin/../lib/gcc/sh2eb-elf/8.3.0\libgcc.a(_mul_df.o)
                              sh2doom-1.10/m_fixed.o (___muldf3)
d:/projects/saturn/yaul/opt/x-tools/sh2eb-elf/bin/../lib/gcc/sh2eb-elf/8.3.0\libgcc.a(_div_df.o)
                              sh2doom-1.10/m_fixed.o (___divdf3)
d:/projects/saturn/yaul/opt/x-tools/sh2eb-elf/bin/../lib/gcc/sh2eb-elf/8.3.0\libgcc.a(_ge_df.o)
                              sh2doom-1.10/m_fixed.o (___gedf2)
d:/projects/saturn/yaul/opt/x-tools/sh2eb-elf/bin/../lib/gcc/sh2eb-elf/8.3.0\libgcc.a(_lt_df.o)
                              sh2doom-1.10/m_fixed.o (___ltdf2)
d:/projects/saturn/yaul/opt/x-tools/sh2eb-elf/bin/../lib/gcc/sh2eb-elf/8.3.0\libgcc.a(_si_to_df.o)
                              sh2doom-1.10/m_fixed.o (___floatsidf)
d:/projects/saturn/yaul/opt/x-tools/sh2eb-elf/bin/../lib/gcc/sh2eb-elf/8.3.0\libgcc.a(_df_to_si.o)
                              sh2doom-1.10/m_fixed.o (___fixdfsi)
d:/projects/saturn/yaul/opt/x-tools/sh2eb-elf/bin/../lib/gcc/sh2eb-elf/8.3.0\libgcc.a(_thenan_df.o)
                              d:/projects/saturn/yaul/opt/x-tools/sh2eb-elf/bin/../lib/gcc/sh2eb-elf/8.3.0\libgcc.a(_mul_df.o) (___thenan_df)
d:/projects/saturn/yaul/opt/x-tools/sh2eb-elf/bin/../lib/gcc/sh2eb-elf/8.3.0\libgcc.a(_lshrdi3.o)
                              d:/projects/saturn/yaul/opt/x-tools/sh2eb-elf/bin/../lib/gcc/sh2eb-elf/8.3.0\libgcc.a(_df_to_si.o) (___lshrdi3)
d:/projects/saturn/yaul/opt/x-tools/sh2eb-elf/bin/../lib/gcc/sh2eb-elf/8.3.0\libgcc.a(_ashldi3.o)
                              d:/projects/saturn/yaul/opt/x-tools/sh2eb-elf/bin/../lib/gcc/sh2eb-elf/8.3.0\libgcc.a(_si_to_df.o) (___ashldi3)
d:/projects/saturn/yaul/opt/x-tools/sh2eb-elf/bin/../lib/gcc/sh2eb-elf/8.3.0\libgcc.a(_clzsi2.o)
                              d:/projects/saturn/yaul/opt/x-tools/sh2eb-elf/bin/../lib/gcc/sh2eb-elf/8.3.0\libgcc.a(_si_to_df.o) (___clzsi2)
d:/projects/saturn/yaul/opt/x-tools/sh2eb-elf/bin/../lib/gcc/sh2eb-elf/8.3.0\libgcc.a(_pack_df.o)
                              d:/projects/saturn/yaul/opt/x-tools/sh2eb-elf/bin/../lib/gcc/sh2eb-elf/8.3.0\libgcc.a(_mul_df.o) (___pack_d)
d:/projects/saturn/yaul/opt/x-tools/sh2eb-elf/bin/../lib/gcc/sh2eb-elf/8.3.0\libgcc.a(_unpack_df.o)
                              d:/projects/saturn/yaul/opt/x-tools/sh2eb-elf/bin/../lib/gcc/sh2eb-elf/8.3.0\libgcc.a(_mul_df.o) (___unpack_d)
d:/projects/saturn/yaul/opt/x-tools/sh2eb-elf/bin/../lib/gcc/sh2eb-elf/8.3.0\libgcc.a(_fpcmp_parts_df.o)
                              d:/projects/saturn/yaul/opt/x-tools/sh2eb-elf/bin/../lib/gcc/sh2eb-elf/8.3.0\libgcc.a(_ge_df.o) (___fpcmp_parts_d)
d:/projects/saturn/yaul/opt/x-tools/sh2eb-elf/bin/../lib/gcc/sh2eb-elf/8.3.0\libgcc.a(_lshiftrt.o)
                              d:/projects/saturn/yaul/opt/x-tools/sh2eb-elf/bin/../lib/gcc/sh2eb-elf/8.3.0\libgcc.a(_lshrdi3.o) (___lshrsi3_r0)
d:/projects/saturn/yaul/opt/x-tools/sh2eb-elf/bin/../lib/gcc/sh2eb-elf/8.3.0\libgcc.a(_clz.o)
                              d:/projects/saturn/yaul/opt/x-tools/sh2eb-elf/bin/../lib/gcc/sh2eb-elf/8.3.0\libgcc.a(_clzsi2.o) (___clz_tab)
d:/projects/saturn/yaul/opt/x-tools/sh2eb-elf/bin/../lib/gcc/sh2eb-elf/8.3.0/../../../../sh2eb-elf/lib\libyaul.a(internal.o)
                              d:/projects/saturn/yaul/opt/x-tools/sh2eb-elf/bin/../lib/gcc/sh2eb-elf/8.3.0/../../../../sh2eb-elf/lib/init.o (__internal_master_state)
d:/projects/saturn/yaul/opt/x-tools/sh2eb-elf/bin/../lib/gcc/sh2eb-elf/8.3.0/../../../../sh2eb-elf/lib\libyaul.a(dbgio.o)
                              d:/projects/saturn/yaul/opt/x-tools/sh2eb-elf/bin/../lib/gcc/sh2eb-elf/8.3.0/../../../../sh2eb-elf/lib/init.o (_dbgio_init)
d:/projects/saturn/yaul/opt/x-tools/sh2eb-elf/bin/../lib/gcc/sh2eb-elf/8.3.0/../../../../sh2eb-elf/lib\libyaul.a(null.o)
[...]
Memory Configuration

Name             Origin             Length             Attributes
boot             0x0000000006000000 0x0000000000000c00 xw
master_stack     0x0000000006004000 0x0000000000002000 w
slave_stack      0x0000000006002000 0x0000000000001400 w
ram              0x0000000006004000 0x00000000000fc000 xw
*default*        0x0000000000000000 0xffffffffffffffff

Linker script and memory map

                [!provide]                        PROVIDE (__master_stack = ORIGIN (master_stack))
                0x0000000006002000                PROVIDE (__master_stack_end = (ORIGIN (master_stack) - LENGTH (master_stack)))
                [!provide]                        PROVIDE (__slave_stack = ORIGIN (slave_stack))
                0x0000000006000c00                PROVIDE (__slave_stack_end = (ORIGIN (slave_stack) - LENGTH (slave_stack)))

.text           0x0000000006004000    0x32810
                [!provide]                        PROVIDE (__text_start = .)
 *(.text)
 .text          0x0000000006004000       0x60 d:/projects/saturn/yaul/opt/x-tools/sh2eb-elf/bin/../lib/gcc/sh2eb-elf/8.3.0/../../../../sh2eb-elf/lib/crt0.o
                0x0000000006004000                _start
 .text          0x0000000006004060       0x64 d:/projects/saturn/yaul/opt/x-tools/sh2eb-elf/bin/../lib/gcc/sh2eb-elf/8.3.0/../../../../sh2eb-elf/lib/init.o
                0x0000000006004060                _user_init
 .text          0x00000000060040c4       0x60 d:/projects/saturn/yaul/opt/x-tools/sh2eb-elf/bin/../lib/gcc/sh2eb-elf/8.3.0/../../../../sh2eb-elf/lib/c++-support.o
                0x00000000060040c4                ___cxa_pure_virtual
                0x00000000060040e8                __Znwj
                0x00000000060040f4                __Znaj
                0x0000000006004100                __ZdlPv
                0x000000000600410c                __ZdaPv
                0x0000000006004118                __ZdlPvj
 .text          0x0000000006004124     0x1b74 sh2doom-1.10/am_map.o
                0x0000000006004124                _AM_getIslope
                0x000000000600419c                _AM_activateNewScale
                0x000000000600425c                _AM_saveScaleAndLoc
                0x00000000060042a0                _AM_restoreScaleAndLoc
                0x000000000600436c                _AM_addMark
                0x00000000060043e8                _AM_findMinMaxBoundaries
                0x0000000006004524                _AM_changeWindowLoc
                0x00000000060045e8                _AM_initVariables
                0x0000000006004748                _AM_loadPics
                0x000000000600479c                _AM_unloadPics
                0x0000000006004804                _AM_clearMarks
                0x0000000006004824                _AM_LevelInit
                0x00000000060048c8                _AM_Stop
                0x00000000060048fc                _AM_Start
                0x0000000006004990                _AM_minOutWindowScale
                0x00000000060049c4                _AM_maxOutWindowScale
                0x00000000060049f8                _AM_Responder
                0x0000000006004e44                _AM_changeWindowScale
                0x0000000006004ebc                _AM_doFollowPlayer
                0x0000000006004f98                _AM_updateLightLev
                0x0000000006005010                _AM_Ticker
                0x00000000060050a0                _AM_clearFB
                0x00000000060050c8                _AM_clipMline
                0x0000000006005420                _AM_drawFline
                0x00000000060054fc                _AM_drawMline
                0x000000000600552c                _AM_drawGrid
                0x0000000006005628                _AM_drawWalls
                0x0000000006005758                _AM_rotate
                0x00000000060057c8                _AM_drawLineCharacter
                0x000000000600590c                _AM_drawPlayers
                0x0000000006005a2c                _AM_drawThings
                0x0000000006005ac4                _AM_drawMarks
                0x0000000006005b9c                _AM_drawCrosshair
                0x0000000006005bc8                _AM_Drawer
 .text          0x0000000006005c98        0x0 sh2doom-1.10/d_items.o
 .text          0x0000000006005c98      0xba4 sh2doom-1.10/d_main.o
                0x0000000006005c98                _D_PostEvent
                0x0000000006005ccc                _D_ProcessEvents
                0x0000000006005d58                _D_PageTicker
                0x0000000006005d78                _D_PageDrawer
                0x00000000060061a4                _D_Display
                0x00000000060061c0                _D_AdvanceDemo
                0x00000000060061cc                _D_DoAdvanceDemo
                0x0000000006006360                _D_DoomLoop
                0x00000000060064a0                _D_StartTitle
                0x00000000060064c0                _D_AddFile
                0x0000000006006524                _IdentifyVersion
                0x0000000006006528                _FindResponseFile
                0x000000000600652c                _D_DoomMain
 .text          0x000000000600683c      0xec0 sh2doom-1.10/d_net.o
                0x000000000600683c                _NetbufferSize
                0x0000000006006850                _NetbufferChecksum
                0x00000000060068a0                _ExpandTics
                0x00000000060068e4                _HSendPacket
                0x00000000060069c4                _HGetPacket
                0x0000000006006aac                _GetPackets
                0x0000000006006cf0                _NetUpdate
                0x0000000006006f3c                _CheckAbort
                0x0000000006006fcc                _D_ArbitrateNetStart
                0x00000000060071c8                _D_CheckNetGame
                0x000000000600732c                _D_QuitNetGame
                0x00000000060073e8                _TryRunTics
 .text          0x00000000060076fc        0x0 sh2doom-1.10/doomdef.o
 .text          0x00000000060076fc        0x0 sh2doom-1.10/doomstat.o
 .text          0x00000000060076fc        0x0 sh2doom-1.10/dstrings.o
 .text          0x00000000060076fc      0xda0 sh2doom-1.10/f_finale.o
                0x0000000006007b3c                _F_StartFinale
                0x0000000006007d2c                _F_Responder
                0x0000000006007d60                _F_TextWrite
                0x0000000006007e90                _F_StartCast
                0x0000000006007f18                _F_Ticker
                0x0000000006008020                _F_CastTicker
                0x0000000006008040                _F_CastResponder
                0x0000000006008064                _F_CastPrint
                0x0000000006008154                _F_CastDrawer
                0x0000000006008208                _F_DrawPatchCol
                0x0000000006008280                _F_BunnyScroll
                0x00000000060083f0                _F_Drawer
 .text          0x000000000600849c      0x488 sh2doom-1.10/f_wipe.o
                0x000000000600849c                _wipe_doColorXForm
                0x00000000060084f4                _wipe_exitColorXForm
                0x00000000060084f8                _wipe_doMelt
                0x000000000600863c                _wipe_initColorXForm
                0x0000000006008664                _wipe_exitMelt
                0x0000000006008680                _wipe_shittyColMajorXform
                0x000000000600870c                _wipe_initMelt
                0x000000000600880c                _wipe_StartScreen
                0x0000000006008830                _wipe_EndScreen
                0x0000000006008884                _wipe_ScreenWipe
 .text          0x0000000006008924     0x2208 sh2doom-1.10/g_game.o
                0x0000000006008924                _G_CmdChecksum
                0x0000000006008928                _G_BuildTiccmd
                0x0000000006008ee0                _G_DoLoadLevel
                0x0000000006009084                _G_Responder
                0x00000000060092d0                _G_PlayerFinishLevel
                0x0000000006009344                _G_PlayerReborn
                0x000000000600943c                _G_InitPlayer
                0x0000000006009448                _G_CheckSpot
                0x00000000060095cc                _G_DeathMatchSpawnPlayer
                0x00000000060096a4                _G_DoReborn
                0x000000000600977c                _G_ScreenShot
                0x0000000006009788                _G_ExitLevel
                0x00000000060097a0                _G_SecretExitLevel
                0x00000000060097e8                _G_DoCompleted
                0x0000000006009af4                _G_WorldDone
                0x0000000006009b94                _G_DoWorldDone
                0x0000000006009bd8                _G_LoadGame
                0x0000000006009bfc                _G_SaveGame
                0x0000000006009c28                _G_DoSaveGame
                0x0000000006009dbc                _G_DeferedInitNew
                0x0000000006009de0                _G_InitNew
                0x000000000600a06c                _G_DoLoadGame
                0x000000000600a1d8                _G_DoNewGame
                0x000000000600a25c                _G_RecordDemo
                0x000000000600a2c4                _G_BeginRecording
                0x000000000600a388                _G_DeferedPlayDemo
                0x000000000600a39c                _G_DoPlayDemo
                0x000000000600a4a4                _G_TimeDemo
                0x000000000600a4cc                _G_CheckDemoStatus
                0x000000000600a630                _G_ReadDemoTiccmd
                0x000000000600a674                _G_WriteDemoTiccmd
                0x000000000600a704                _G_Ticker
 .text          0x000000000600ab2c      0x6a0 sh2doom-1.10/hu_lib.o
                0x000000000600ab2c                _HUlib_init
                0x000000000600ab30                _HUlib_clearTextLine
                0x000000000600ab44                _HUlib_initTextLine
                0x000000000600ab60                _HUlib_addCharToTextLine
                0x000000000600ab8c                _HUlib_delCharFromTextLine
                0x000000000600abac                _HUlib_drawTextLine
                0x000000000600acb8                _HUlib_eraseTextLine
                0x000000000600ada0                _HUlib_initSText
                0x000000000600ae34                _HUlib_addLineToSText
                0x000000000600ae84                _HUlib_addMessageToSText
                0x000000000600af58                _HUlib_drawSText
                0x000000000600afb4                _HUlib_eraseSText
                0x000000000600b034                _HUlib_initIText
                0x000000000600b058                _HUlib_delCharFromIText
                0x000000000600b080                _HUlib_eraseLineFromIText
                0x000000000600b0ac                _HUlib_resetIText
                0x000000000600b0c0                _HUlib_addPrefixToIText
                0x000000000600b114                _HUlib_keyInIText
                0x000000000600b180                _HUlib_drawIText
                0x000000000600b19c                _HUlib_eraseIText
 .text          0x000000000600b1cc      0x8a0 sh2doom-1.10/hu_stuff.o
                0x000000000600b1cc                _ForeignTranslation
                0x000000000600b1e4                _HU_Init
                0x000000000600b248                _HU_Stop
                0x000000000600b254                _HU_Start
                0x000000000600b3d0                _HU_Drawer
                0x000000000600b418                _HU_Erase
                0x000000000600b44c                _HU_Ticker
                0x000000000600b5fc                _HU_queueChatChar
                0x000000000600b640                _HU_dequeueChatChar
                0x000000000600b670                _HU_Responder
 .text          0x000000000600ba6c        0x0 sh2doom-1.10/i_main.o
 .text          0x000000000600ba6c        0x0 sh2doom-1.10/i_net.o
 .text          0x000000000600ba6c       0xb4 sh2doom-1.10/i_sound.o
                0x000000000600ba6c                _myioctl
                0x000000000600ba70                _getsfx
                0x000000000600ba74                _addsfx
                0x000000000600ba78                _I_SetChannels
                0x000000000600ba7c                _I_SetSfxVolume
                0x000000000600ba80                _I_SetMusicVolume
                0x000000000600ba84                _I_GetSfxLumpNum
                0x000000000600ba88                _I_StartSound
                0x000000000600ba8c                _I_StopSound
                0x000000000600ba90                _I_SoundIsPlaying
                0x000000000600ba94                _I_UpdateSound
                0x000000000600ba98                _I_SubmitSound
                0x000000000600ba9c                _I_UpdateSoundParams
                0x000000000600baa0                _I_ShutdownSound
                0x000000000600baa4                _I_InitSound
                0x000000000600baa8                _I_InitMusic
                0x000000000600baac                _I_ShutdownMusic
                0x000000000600bab0                _I_PlaySong
                0x000000000600bac8                _I_PauseSong
                0x000000000600bacc                _I_ResumeSong
                0x000000000600bad0                _I_StopSong
                0x000000000600bae4                _I_UnRegisterSong
                0x000000000600bae8                _I_RegisterSong
                0x000000000600baec                _I_QrySongPlaying
                0x000000000600bb14                _I_HandleSoundTimer
                0x000000000600bb18                _I_SoundSetTimer
                0x000000000600bb1c                _I_SoundDelTimer
 .text          0x000000000600bb20       0x90 sh2doom-1.10/i_system.o
                0x000000000600bb20                _I_BaseTiccmd
                0x000000000600bb2c                _I_GetHeapSize
                0x000000000600bb3c                _I_ZoneBase
                0x000000000600bb58                _I_GetTime
                0x000000000600bb5c                _I_Init
                0x000000000600bb68                _I_Quit
                0x000000000600bb6c                _I_WaitVBL
                0x000000000600bb70                _I_BeginRead
                0x000000000600bb74                _I_EndRead
                0x000000000600bb78                _I_AllocLow
                0x000000000600bba4                _I_Error
 .text          0x000000000600bbb0      0x334 sh2doom-1.10/i_video.o
                0x000000000600bbb0                _xlatekey
                0x000000000600bbb4                _I_ShutdownGraphics
                0x000000000600bbb8                _I_StartFrame
                0x000000000600bbbc                _I_GetEvent
                0x000000000600bbc0                _I_StartTic
                0x000000000600bbc4                _I_UpdateNoBlit
                0x000000000600bbc8                _I_FinishUpdate
                0x000000000600bc70                _I_ReadScreen
                0x000000000600bc88                _I_SetPalette
                0x000000000600bc8c                _I_InitGraphics
                0x000000000600bc90                _InitExpand
                0x000000000600bcc0                _InitExpand2
                0x000000000600bd48                _Expand4
 .text          0x000000000600bee4        0x0 sh2doom-1.10/info.o
 .text          0x000000000600bee4       0x40 sh2doom-1.10/m_bbox.o
                0x000000000600bee4                _M_ClearBox
                0x000000000600bef8                _M_AddToBox
 .text          0x000000000600bf24      0x158 sh2doom-1.10/m_cheat.o
                0x000000000600bf24                _cht_CheckCheat
                0x000000000600c02c                _cht_GetParam
 .text          0x000000000600c07c      0x114 sh2doom-1.10/m_fixed.o
                0x000000000600c07c                _FixedMul
                0x000000000600c088                _FixedDiv2
                0x000000000600c138                _FixedDiv
 .text          0x000000000600c190     0x1dc0 sh2doom-1.10/m_menu.o
                0x000000000600c190                _M_Sound
                0x000000000600c1ac                _M_Options
                0x000000000600c1c8                _M_ChangeMessages
                0x000000000600c214                _M_ReadThis
                0x000000000600c230                _M_ReadThis2
                0x000000000600c24c                _M_FinishReadThis
                0x000000000600c268                _M_ChangeDetail
                0x000000000600c278                _M_DrawMainMenu
                0x000000000600c29c                _M_DrawNewGame
                0x000000000600c2e0                _M_DrawEpisode
                0x000000000600c304                _M_QuitDOOM
                0x000000000600c3b0                _M_LoadSelect
                0x000000000600c3e8                _M_SaveSelect
                0x000000000600c44c                _M_SfxVol
                0x000000000600c488                _M_MusicVol
                0x000000000600c4c4                _M_SizeDisplay
                0x000000000600c51c                _M_ChangeSensitivity
                0x000000000600c550                _M_DrawReadThis1
                0x000000000600c5b8                _M_DrawReadThis2
                0x000000000600c620                _M_QuitResponse
                0x000000000600c6b8                _M_QuickLoadResponse
                0x000000000600c6e4                _M_QuickSaveResponse
                0x000000000600c73c                _M_VerifyNightmare
                0x000000000600c770                _M_ChooseSkill
                0x000000000600c7dc                _M_EndGameResponse
                0x000000000600c84c                _M_LoadGame
                0x000000000600c87c                _M_SaveGame
                0x000000000600c8ec                _M_NewGame
                0x000000000600c96c                _M_Episode
                0x000000000600c9fc                _M_EndGame
                0x000000000600ca78                _M_ReadSaveStrings
                0x000000000600ca7c                _M_DrawSaveLoadBorder
                0x000000000600cafc                _M_DoSave
                0x000000000600cb38                _M_QuickSave
                0x000000000600cc08                _M_QuickLoad
                0x000000000600ccd4                _M_DrawThermo
                0x000000000600cd8c                _M_DrawSound
                0x000000000600cdf4                _M_DrawOptions
                0x000000000600cecc                _M_DrawEmptyCell
                0x000000000600cf0c                _M_DrawSelCell
                0x000000000600cf4c                _M_StartMessage
                0x000000000600cf84                _M_StopMessage
                0x000000000600cfa0                _M_StringWidth
                0x000000000600d014                _M_StringHeight
                0x000000000600d074                _M_WriteText
                0x000000000600d118                _M_DrawLoad
                0x000000000600d194                _M_DrawSave
                0x000000000600d264                _M_Responder
                0x000000000600dbcc                _M_StartControlPanel
                0x000000000600dbe8                _M_Drawer
                0x000000000600de28                _M_ClearMenus
                0x000000000600de34                _M_SetupNextMenu
                0x000000000600de48                _M_Ticker
                0x000000000600de70                _M_Init
 .text          0x000000000600df50       0xac sh2doom-1.10/m_misc.o
                0x000000000600df50                _M_DrawText
                0x000000000600dff4                _M_SaveDefaults
                0x000000000600dff8                _M_LoadDefaults
 .text          0x000000000600dffc       0x4c sh2doom-1.10/m_random.o
                0x000000000600dffc                _P_Random
                0x000000000600e018                _M_Random
                0x000000000600e034                _M_ClearRandom
 .text          0x000000000600e048        0x0 sh2doom-1.10/m_swap.o
 .text          0x000000000600e048      0x394 sh2doom-1.10/p_ceilng.o
                0x000000000600e048                _EV_DoCeiling
                0x000000000600e1c4                _P_AddActiveCeiling
                0x000000000600e1e8                _P_RemoveActiveCeiling
                0x000000000600e22c                _T_MoveCeiling
                0x000000000600e368                _P_ActivateInStasisCeiling
                0x000000000600e3a4                _EV_CeilingCrushStop
 .text          0x000000000600e3dc      0x660 sh2doom-1.10/p_doors.o
                0x000000000600e3dc                _T_VerticalDoor
                0x000000000600e530                _EV_DoDoor
                0x000000000600e6c0                _EV_DoLockedDoor
                0x000000000600e78c                _EV_VerticalDoor
                0x000000000600e97c                _P_SpawnDoorCloseIn30
                0x000000000600e9cc                _P_SpawnDoorRaiseIn5Mins
 .text          0x000000000600ea3c     0x2260 sh2doom-1.10/p_enemy.o
                0x000000000600ea3c                _PIT_VileCheck
                0x000000000600eae8                _P_RecursiveSound
                0x000000000600ebd0                _P_NoiseAlert
                0x000000000600ebf4                _P_CheckMeleeRange
                0x000000000600ec5c                _P_CheckMissileRange
                0x000000000600ed4c                _P_Move
                0x000000000600ee90                _P_TryWalk
                0x000000000600eeb8                _P_NewChaseDir
                0x000000000600f0d8                _P_LookForPlayers
                0x000000000600f2e4                _A_KeenDie
                0x000000000600f350                _A_Look
                0x000000000600f46c                _A_Chase
                0x000000000600f674                _A_FaceTarget
                0x000000000600f6e4                _A_PosAttack
                0x000000000600f78c                _A_SPosAttack
                0x000000000600f844                _A_CPosAttack
                0x000000000600f8ec                _A_CPosRefire
                0x000000000600f94c                _A_SpidRefire
                0x000000000600f9ac                _A_BspiAttack
                0x000000000600f9e4                _A_TroopAttack
                0x000000000600fa6c                _A_SargAttack
                0x000000000600fae0                _A_HeadAttack
                0x000000000600fb68                _A_CyberAttack
                0x000000000600fba0                _A_BruisAttack
                0x000000000600fc24                _A_SkelMissile
                0x000000000600fc88                _A_Tracer
                0x000000000600fdfc                _A_SkelWhoosh
                0x000000000600fe28                _A_SkelFist
                0x000000000600feb4                _A_VileChase
                0x000000000601001c                _A_VileStart
                0x0000000006010028                _A_Fire
                0x00000000060100c4                _A_StartFire
                0x00000000060100e4                _A_FireCrackle
                0x0000000006010104                _A_VileTarget
                0x000000000601015c                _A_VileAttack
                0x000000000601023c                _A_FatRaise
                0x000000000601025c                _A_FatAttack1
                0x00000000060102e0                _A_FatAttack2
                0x0000000006010368                _A_FatAttack3
                0x000000000601042c                _A_SkullAttack
                0x0000000006010500                _A_PainShootSkull
                0x0000000006010634                _A_PainAttack
                0x0000000006010660                _A_PainDie
                0x00000000060106ac                _A_Scream
                0x0000000006010748                _A_XScream
                0x0000000006010754                _A_Pain
                0x0000000006010770                _A_Fall
                0x000000000601077c                _A_Explode
                0x0000000006010790                _A_BossDeath
                0x0000000006010918                _A_Hoof
                0x0000000006010938                _A_Metal
                0x0000000006010958                _A_BabyMetal
                0x0000000006010978                _A_OpenShotgun2
                0x0000000006010984                _A_LoadShotgun2
                0x0000000006010990                _A_CloseShotgun2
                0x00000000060109b8                _A_BrainAwake
                0x0000000006010a30                _A_BrainPain
                0x0000000006010a3c                _A_BrainScream
                0x0000000006010af4                _A_BrainExplode
                0x0000000006010b74                _A_BrainDie
                0x0000000006010b80                _A_BrainSpit
                0x0000000006010c28                _A_SpawnSound
                0x0000000006010c58                _A_SpawnFly
                0x0000000006010c74                _A_PlayerScream
 .text          0x0000000006010c9c      0x678 sh2doom-1.10/p_floor.o
                0x0000000006010c9c                _T_MovePlane
                0x0000000006010dd0                _T_MoveFloor
                0x0000000006010e70                _EV_DoFloor
                0x00000000060111b4                _EV_BuildStairs
 .text          0x0000000006011314      0xe7c sh2doom-1.10/p_inter.o
                0x0000000006011314                _P_GiveAmmo
                0x0000000006011440                _P_GiveWeapon
                0x0000000006011558                _P_GiveBody
                0x0000000006011588                _P_GiveArmor
                0x00000000060115a0                _P_GiveCard
                0x00000000060115c0                _P_GivePower
                0x000000000601164c                _P_TouchSpecialThing
                0x0000000006011ce4                _P_KillMobj
                0x0000000006011ebc                _P_DamageMobj
 .text          0x0000000006012190      0x450 sh2doom-1.10/p_lights.o
                0x0000000006012190                _T_StrobeFlash
                0x00000000060121b8                _T_Glow
                0x0000000006012200                _T_FireFlicker
                0x0000000006012248                _T_LightFlash
                0x0000000006012298                _P_SpawnFireFlicker
                0x00000000060122e8                _P_SpawnLightFlash
                0x000000000601234c                _P_SpawnStrobeFlash
                0x00000000060123d8                _EV_StartLightStrobing
                0x0000000006012440                _EV_TurnTagLightsOff
                0x00000000060124e8                _EV_LightTurnOn
                0x0000000006012590                _P_SpawnGlowingLight
 .text          0x00000000060125e0     0x14ec sh2doom-1.10/p_map.o
                0x00000000060125e0                _PTR_SlideTraverse
                0x00000000060126ac                _PTR_AimTraverse
                0x000000000601282c                _PTR_ShootTraverse
                0x0000000006012a9c                _PIT_StompThing
                0x0000000006012b34                _PIT_CheckLine
                0x0000000006012c28                _PIT_CheckThing
                0x0000000006012dd4                _PTR_UseTraverse
                0x0000000006012e4c                _PIT_RadiusAttack
                0x0000000006012fdc                _P_TeleportMove
                0x000000000601315c                _P_CheckPosition
                0x0000000006013328                _P_TryMove
                0x0000000006013494                _P_ThingHeightClip
                0x0000000006013500                _PIT_ChangeSector
                0x00000000060135f0                _P_HitSlideLine
                0x000000000601361c                _P_SlideMove
                0x00000000060137e8                _P_AimLineAttack
                0x00000000060138a0                _P_LineAttack
                0x0000000006013934                _P_UseLines
                0x0000000006013990                _P_RadiusAttack
                0x0000000006013a50                _P_ChangeSector
 .text          0x0000000006013acc      0xa10 sh2doom-1.10/p_maputl.o
                0x0000000006013acc                _P_AproxDistance
                0x0000000006013b0c                _P_PointOnLineSide
                0x0000000006013b7c                _P_BoxOnLineSide
                0x0000000006013c30                _P_PointOnDivlineSide
                0x0000000006013ccc                _P_MakeDivline
                0x0000000006013ce0                _P_InterceptVector
                0x0000000006013d64                _PIT_AddLineIntercepts
                0x0000000006013e40                _PIT_AddThingIntercepts
                0x0000000006013ee8                _P_LineOpening
                0x0000000006013f54                _P_UnsetThingPosition
                0x0000000006013ffc                _P_SetThingPosition
                0x00000000060140b4                _P_BlockLinesIterator
                0x0000000006014148                _P_BlockThingsIterator
                0x00000000060141b0                _P_TraverseIntercepts
                0x0000000006014240                _P_PathTraverse
 .text          0x00000000060144dc     0x1148 sh2doom-1.10/p_mobj.o
                0x00000000060144dc                _P_SpawnMobj
                0x0000000006014608                _P_RemoveMobj
                0x00000000060146b0                _P_SetMobjState
                0x000000000601473c                _P_ExplodeMissile
                0x00000000060147b0                _P_ZMovement
                0x0000000006014948                _P_XYMovement
                0x0000000006014bdc                _P_NightmareRespawn
                0x0000000006014ce8                _P_MobjThinker
                0x0000000006014dbc                _P_RespawnSpecials
                0x0000000006014f0c                _P_SpawnPlayer
                0x0000000006015084                _P_SpawnMapThing
                0x00000000060152a4                _P_SpawnPuff
                0x000000000601532c                _P_SpawnBlood
                0x00000000060153bc                _P_CheckMissileSpawn
                0x000000000601541c                _P_SpawnMissile
                0x000000000601552c                _P_SpawnPlayerMissile
 .text          0x0000000006015624      0x410 sh2doom-1.10/p_plats.o
                0x0000000006015624                _EV_DoPlat
                0x000000000601583c                _P_ActivateInStasis
                0x0000000006015874                _EV_StopPlat
                0x00000000060158b4                _P_AddActivePlat
                0x00000000060158e4                _P_RemoveActivePlat
                0x000000000601593c                _T_PlatRaise
 .text          0x0000000006015a34      0xd84 sh2doom-1.10/p_pspr.o
                0x0000000006015a34                _P_SetPsprite
                0x0000000006015b08                _P_CalcSwing
                0x0000000006015b74                _P_BringUpWeapon
                0x0000000006015bd8                _P_CheckAmmo
                0x0000000006015d04                _P_FireWeapon
                0x0000000006015d5c                _P_DropWeapon
                0x0000000006015d7c                _A_WeaponReady
                0x0000000006015eb0                _A_ReFire
                0x0000000006015eec                _A_CheckReload
                0x0000000006015ef8                _A_Lower
                0x0000000006015f48                _A_Raise
                0x0000000006015f84                _A_GunFlash
                0x0000000006015fc0                _A_Punch
                0x0000000006016084                _A_Saw
                0x00000000060161e0                _A_FireMissile
                0x000000000601620c                _A_FireBFG
                0x0000000006016238                _A_FirePlasma
                0x0000000006016290                _P_BulletSlope
                0x00000000060162f8                _P_GunShot
                0x0000000006016390                _A_FirePistol
                0x0000000006016404                _A_FireShotgun
                0x0000000006016484                _A_FireShotgun2
                0x000000000601657c                _A_FireCGun
                0x0000000006016648                _A_Light0
                0x0000000006016654                _A_Light1
                0x0000000006016660                _A_Light2
                0x000000000601666c                _A_BFGSpray
                0x0000000006016724                _A_BFGsound
                0x0000000006016730                _P_SetupPsprites
                0x0000000006016754                _P_MovePsprites
 .text          0x00000000060167b8      0xa54 sh2doom-1.10/p_saveg.o
                0x00000000060167b8                _P_ArchivePlayers
                0x0000000006016860                _P_UnArchivePlayers
                0x0000000006016908                _P_ArchiveWorld
                0x00000000060169ec                _P_UnArchiveWorld
                0x0000000006016ae0                _P_ArchiveThinkers
                0x0000000006016bcc                _P_UnArchiveThinkers
                0x0000000006016d18                _P_ArchiveSpecials
                0x0000000006016f8c                _P_UnArchiveSpecials
 .text          0x000000000601720c      0xd54 sh2doom-1.10/p_setup.o
                0x000000000601720c                _P_LoadVertexes
                0x00000000060172a0                _P_LoadSegs
                0x00000000060173f0                _P_LoadSubsectors
                0x0000000006017494                _P_LoadSectors
                0x0000000006017584                _P_LoadNodes
                0x000000000601768c                _P_LoadThings
                0x0000000006017764                _P_LoadLineDefs
                0x000000000601792c                _P_LoadSideDefs
                0x0000000006017a24                _P_LoadBlockMap
                0x0000000006017aec                _P_GroupLines
                0x0000000006017d08                _P_SetupLevel
                0x0000000006017f38                _P_Init
 .text          0x0000000006017f60      0x480 sh2doom-1.10/p_sight.o
                0x0000000006017f60                _P_DivlineSide
                0x0000000006017fc4                _P_InterceptVector2
                0x0000000006018048                _P_CrossSubsector
                0x0000000006018208                _P_CrossBSPNode
                0x00000000060182d8                _P_CheckSight
 .text          0x00000000060183e0      0xea0 sh2doom-1.10/p_spec.o
                0x00000000060183e0                _P_InitPicAnims
                0x00000000060184cc                _getSide
                0x0000000006018500                _getSector
                0x0000000006018538                _twoSided
                0x000000000601855c                _getNextSector
                0x0000000006018574                _P_FindLowestFloorSurrounding
                0x00000000060185b4                _P_FindHighestFloorSurrounding
                0x0000000006018600                _P_FindNextHighestFloor
                0x0000000006018680                _P_FindLowestCeilingSurrounding
                0x00000000060186cc                _P_FindHighestCeilingSurrounding
                0x0000000006018714                _P_FindSectorFromLineTag
                0x0000000006018760                _P_FindMinSurroundingLight
                0x000000000601879c                _P_CrossSpecialLine
                0x0000000006018ba0                _P_ShootSpecialLine
                0x0000000006018c0c                _P_PlayerInSpecialSector
                0x0000000006018d18                _P_UpdateSpecials
                0x0000000006018ed8                _EV_DoDonut
                0x0000000006019040                _P_SpawnSpecials
 .text          0x0000000006019280      0x610 sh2doom-1.10/p_switch.o
                0x0000000006019280                _P_InitSwitchList
                0x000000000601934c                _P_StartButton
                0x00000000060193b0                _P_ChangeSwitchTexture
                0x0000000006019514                _P_UseSpecialLine
 .text          0x0000000006019890      0x174 sh2doom-1.10/p_telept.o
                0x0000000006019890                _EV_Teleport
 .text          0x0000000006019a04      0x130 sh2doom-1.10/p_tick.o
                0x0000000006019a04                _P_InitThinkers
                0x0000000006019a10                _P_AddThinker
                0x0000000006019a24                _P_RemoveThinker
                0x0000000006019a2c                _P_RunThinkers
                0x0000000006019a7c                _P_Ticker
 .text          0x0000000006019b34      0x560 sh2doom-1.10/p_user.o
                0x0000000006019b34                _P_Thrust
                0x0000000006019b90                _P_CalcHeight
                0x0000000006019cb0                _P_MovePlayer
                0x0000000006019d58                _P_DeathThink
                0x0000000006019e38                _P_PlayerThink
 .text          0x000000000601a094      0x600 sh2doom-1.10/r_bsp.o
                0x000000000601a094                _R_ClearDrawSegs
                0x000000000601a0a4                _R_ClipSolidWallSegment
                0x000000000601a194                _R_ClipPassWallSegment
                0x000000000601a214                _R_ClearClipSegs
                0x000000000601a244                _R_AddLine
                0x000000000601a368                _R_CheckBBox
                0x000000000601a4ac                _R_Subsector
                0x000000000601a5c8                _R_RenderBSPNode
 .text          0x000000000601a694      0xebc sh2doom-1.10/r_data.o
                0x000000000601a6fc                _R_DrawColumnInCache
                0x000000000601a774                _R_GenerateComposite
                0x000000000601a8b8                _R_GenerateLookup
                0x000000000601aa74                _R_GetColumn
                0x000000000601ab00                _R_InitTextures
                0x000000000601af80                _R_InitFlats
                0x000000000601aff8                _R_InitSpriteLumps
                0x000000000601b108                _R_InitColormaps
                0x000000000601b15c                _R_InitData
                0x000000000601b1bc                _R_FlatNumForName
                0x000000000601b228                _R_CheckTextureNumForName
                0x000000000601b23c                _R_TextureNumForName
                0x000000000601b278                _R_PrecacheLevel
 .text          0x000000000601b550      0x9ac sh2doom-1.10/r_draw.o
                0x000000000601b550                _R_DrawColumn
                0x000000000601b61c                _R_DrawColumnLow
                0x000000000601b6f8                _R_DrawFuzzColumn
                0x000000000601b7e8                _R_DrawTranslatedColumn
                0x000000000601b8c0                _R_InitTranslationTables
                0x000000000601b954                _R_DrawSpan
                0x000000000601ba40                _R_DrawSpanLow
                0x000000000601bb4c                _R_InitBuffer
                0x000000000601bbc4                _R_FillBackScreen
                0x000000000601be00                _R_VideoErase
                0x000000000601be1c                _R_DrawViewBorder
 .text          0x000000000601befc      0xbbc sh2doom-1.10/r_main.o
                0x000000000601befc                _R_AddPointToBox
                0x000000000601bf20                _R_PointOnSide
                0x000000000601bfa8                _R_PointOnSegSide
                0x000000000601c05c                _R_PointToAngle
                0x000000000601c16c                _R_PointToAngle2
                0x000000000601c188                _R_PointToDist
                0x000000000601c204                _R_InitPointToAngle
                0x000000000601c208                _R_ScaleFromGlobalAngle
                0x000000000601c2c4                _R_InitTables
                0x000000000601c2c8                _R_InitTextureMapping
                0x000000000601c40c                _R_InitLightTables
                0x000000000601c4ac                _R_SetViewSize
                0x000000000601c4c8                _R_ExecuteSetViewSize
                0x000000000601c80c                _R_Init
                0x000000000601c8c8                _R_PointInSubsector
                0x000000000601c958                _R_SetupFrame
                0x000000000601ca40                _R_RenderPlayerView
 .text          0x000000000601cab8      0x82c sh2doom-1.10/r_plane.o
                0x000000000601cab8                _R_InitPlanes
                0x000000000601cabc                _R_MapPlane
                0x000000000601cca4                _R_ClearPlanes
                0x000000000601cd74                _R_FindPlane
                0x000000000601ce24                _R_CheckPlane
                0x000000000601cec0                _R_MakeSpans
                0x000000000601cfb4                _R_DrawPlanes
 .text          0x000000000601d2e4      0xee0 sh2doom-1.10/r_segs.o
                0x000000000601d2e4                _R_RenderMaskedSegRange
                0x000000000601d52c                _R_RenderSegLoop
                0x000000000601d8c8                _R_StoreWallRange
 .text          0x000000000601e1c4       0x10 sh2doom-1.10/r_sky.o
                0x000000000601e1c4                _R_InitSkyMap
 .text          0x000000000601e1d4     0x105c sh2doom-1.10/r_things.o
                0x000000000601e1d4                _R_InstallSpriteLump
                0x000000000601e33c                _R_InitSpriteDefs
                0x000000000601e59c                _R_InitSprites
                0x000000000601e5bc                _R_ClearSprites
                0x000000000601e5cc                _R_NewVisSprite
                0x000000000601e5f0                _R_DrawMaskedColumn
                0x000000000601e6f4                _R_DrawVisSprite
                0x000000000601e860                _R_ProjectSprite
                0x000000000601eb30                _R_AddSprites
                0x000000000601ebb8                _R_DrawPSprite
                0x000000000601edd8                _R_DrawPlayerSprites
                0x000000000601ee80                _R_SortVisSprites
                0x000000000601ef24                _R_DrawSprite
                0x000000000601f198                _R_DrawMasked
 .text          0x000000000601f230      0x9a4 sh2doom-1.10/s_sound.o
                0x000000000601f230                _S_PauseSound
                0x000000000601f26c                _S_ResumeSound
                0x000000000601f2a8                _S_SetMusicVolume
                0x000000000601f2fc                _S_Init
                0x000000000601f3b8                _S_SetSfxVolume
                0x000000000601f3f0                _S_StopMusic
                0x000000000601f4a0                _S_ChangeMusic
                0x000000000601f560                _S_StartMusic
                0x000000000601f56c                _S_StopChannel
                0x000000000601f5b8                _S_Start
                0x000000000601f6a4                _S_StopSound
                0x000000000601f6e0                _S_AdjustSoundParams
                0x000000000601f80c                _S_UpdateSounds
                0x000000000601f8e0                _S_getChannel
                0x000000000601f9d0                _S_StartSoundAtVolume
                0x000000000601fbc0                _S_StartSound
 .text          0x000000000601fbd4        0x0 sh2doom-1.10/sounds.o
 .text          0x000000000601fbd4      0x3fc sh2doom-1.10/st_lib.o
                0x000000000601fbd4                _STlib_init
                0x000000000601fbf4                _STlib_initNum
                0x000000000601fc0c                _STlib_drawNum
                0x000000000601fd6c                _STlib_updateNum
                0x000000000601fd84                _STlib_initPercent
                0x000000000601fda0                _STlib_updatePercent
                0x000000000601fde8                _STlib_initMultIcon
                0x000000000601fdfc                _STlib_updateMultIcon
                0x000000000601fef8                _STlib_initBinIcon
                0x000000000601ff0c                _STlib_updateBinIcon
 .text          0x000000000601ffd0     0x1528 sh2doom-1.10/st_stuff.o
                0x0000000006020068                _ST_refreshBackground
                0x0000000006020084                _ST_Responder
                0x00000000060204a0                _ST_calcPainOffset
                0x00000000060204f8                _ST_updateFaceWidget
                0x0000000006020968                _ST_updateWidgets
                0x0000000006020a68                _ST_Ticker
                0x0000000006020aa8                _ST_doPaletteStuff
                0x0000000006020b70                _ST_drawWidgets
                0x0000000006020c7c                _ST_doRefresh
                0x0000000006020cb0                _ST_diffDraw
                0x0000000006020cbc                _ST_Drawer
                0x0000000006020d18                _ST_loadGraphics
                0x0000000006020efc                _ST_loadData
                0x0000000006020f20                _ST_unloadGraphics
                0x00000000060210e0                _ST_unloadData
                0x00000000060210ec                _ST_initData
                0x000000000602117c                _ST_createWidgets
                0x0000000006021448                _ST_Start
                0x0000000006021498                _ST_Stop
                0x00000000060214b4                _ST_Init
 .text          0x00000000060214f8       0x34 sh2doom-1.10/tables.o
                0x00000000060214f8                _SlopeDiv
 .text          0x000000000602152c      0x50c sh2doom-1.10/v_video.o
                0x000000000602152c                _V_MarkRect
                0x0000000006021578                _V_CopyRect
                0x0000000006021650                _V_DrawPatch
                0x0000000006021768                _V_DrawPatchFlipped
                0x000000000602189c                _V_DrawPatchDirect
                0x00000000060218a8                _V_DrawBlock
                0x0000000006021958                _V_GetBlock
                0x00000000060219f8                _V_Init
 .text          0x0000000006021a38      0x7e8 sh2doom-1.10/w_wad.o
                0x0000000006021a38                _strupr
                0x0000000006021a64                _filelength
                0x0000000006021a68                _ExtractFileBase
                0x0000000006021b30                _W_AddFile
                0x0000000006021ca4                _W_Reload
                0x0000000006021d74                _W_InitMultipleFiles
                0x0000000006021e2c                _W_InitFile
                0x0000000006021e48                _W_NumLumps
                0x0000000006021e54                _W_CheckNumForName
                0x0000000006021f08                _W_GetNumForName
                0x0000000006021f40                _W_LumpLength
                0x0000000006021f94                _W_ReadLump
                0x0000000006022020                _W_CacheLumpNum
                0x0000000006022110                _W_CacheLumpName
                0x0000000006022130                _W_Profile
 .text          0x0000000006022220     0x2618 sh2doom-1.10/wi_stuff.o
                0x000000000602240c                _WI_slamBackground
                0x000000000602243c                _WI_drawLF
                0x00000000060224ec                _WI_drawEL
                0x00000000060225a0                _WI_drawOnLnode
                0x00000000060226b4                _WI_initAnimatedBack
                0x00000000060226e0                _WI_updateAnimatedBack
                0x000000000602270c                _WI_drawAnimatedBack
                0x0000000006022710                _WI_drawNum
                0x0000000006022890                _WI_drawPercent
                0x00000000060228a4                _WI_drawTime
                0x0000000006022980                _WI_initNoState
                0x00000000060229a0                _WI_initShowNextLoc
                0x00000000060229ec                _WI_updateShowNextLoc
                0x0000000006022a8c                _WI_drawShowNextLoc
                0x0000000006022b6c                _WI_drawNoState
                0x0000000006022b80                _WI_fragSum
                0x0000000006022bcc                _WI_initDeathmatchStats
                0x0000000006022c74                _WI_updateDeathmatchStats
                0x0000000006022ebc                _WI_drawDeathmatchStats
                0x00000000060230a8                _WI_initNetgameStats
                0x000000000602318c                _WI_updateNetgameStats
                0x00000000060234e4                _WI_drawNetgameStats
                0x000000000602374c                _WI_initStats
                0x00000000060237c8                _WI_updateStats
                0x0000000006023af0                _WI_drawStats
                0x0000000006023c1c                _WI_checkForAccelerate
                0x0000000006023c8c                _WI_loadData
                0x000000000602409c                _WI_unloadData
                0x0000000006024604                _WI_End
                0x0000000006024610                _WI_updateNoState
                0x0000000006024660                _WI_Ticker
                0x0000000006024714                _WI_Drawer
                0x0000000006024778                _WI_initVariables
                0x00000000060247ec                _WI_Start
 .text          0x0000000006024838      0x45c sh2doom-1.10/z_zone.o
                0x0000000006024838                _Z_ClearZone
                0x000000000602485c                _Z_Init
                0x00000000060248a0                _Z_Free
                0x0000000006024934                _Z_Malloc
                0x0000000006024a40                _Z_FreeTags
                0x0000000006024a9c                _Z_DumpHeap
                0x0000000006024b68                _Z_FileDumpHeap
                0x0000000006024b80                _Z_CheckHeap
                0x0000000006024c08                _Z_ChangeTag2
                0x0000000006024c60                _Z_FreeMemory
 .text          0x0000000006024c94       0x52 d:/projects/saturn/yaul/opt/x-tools/sh2eb-elf/bin/../lib/gcc/sh2eb-elf/8.3.0\libgcc.a(_ashiftrt.o)
                0x0000000006024c94                ___ashiftrt_r4_31
                0x0000000006024c94                ___ashiftrt_r4_32
                0x0000000006024c9a                ___ashiftrt_r4_30
                0x0000000006024c9c                ___ashiftrt_r4_29
                0x0000000006024c9e                ___ashiftrt_r4_28
                0x0000000006024ca0                ___ashiftrt_r4_27
                0x0000000006024ca2                ___ashiftrt_r4_26
                0x0000000006024ca4                ___ashiftrt_r4_25
                0x0000000006024ca6                ___ashiftrt_r4_24
                0x0000000006024cae                ___ashiftrt_r4_23
                0x0000000006024cb0                ___ashiftrt_r4_22
                0x0000000006024cb2                ___ashiftrt_r4_21
                0x0000000006024cb4                ___ashiftrt_r4_20
                0x0000000006024cb6                ___ashiftrt_r4_19
                0x0000000006024cb8                ___ashiftrt_r4_18
                0x0000000006024cba                ___ashiftrt_r4_17
                0x0000000006024cbc                ___ashiftrt_r4_16
                0x0000000006024cc2                ___ashiftrt_r4_15
                0x0000000006024cc4                ___ashiftrt_r4_14
                0x0000000006024cc6                ___ashiftrt_r4_13
                0x0000000006024cc8                ___ashiftrt_r4_12
                0x0000000006024cca                ___ashiftrt_r4_11
                0x0000000006024ccc                ___ashiftrt_r4_10
                0x0000000006024cce                ___ashiftrt_r4_9
                0x0000000006024cd0                ___ashiftrt_r4_8
                0x0000000006024cd2                ___ashiftrt_r4_7
                0x0000000006024cd4                ___ashiftrt_r4_6
                0x0000000006024cd6                ___ashiftrt_r4_5
                0x0000000006024cd8                ___ashiftrt_r4_4
                0x0000000006024cda                ___ashiftrt_r4_3
                0x0000000006024cdc                ___ashiftrt_r4_2
                0x0000000006024cde                ___ashiftrt_r4_1
                0x0000000006024ce2                ___ashiftrt_r4_0
 *fill*         0x0000000006024ce6        0x2 
 .text          0x0000000006024ce8       0x80 d:/projects/saturn/yaul/opt/x-tools/sh2eb-elf/bin/../lib/gcc/sh2eb-elf/8.3.0\libgcc.a(_ashiftrt_n.o)
                0x0000000006024ce8                ___ashrsi3
 .text          0x0000000006024d68       0xbc d:/projects/saturn/yaul/opt/x-tools/sh2eb-elf/bin/../lib/gcc/sh2eb-elf/8.3.0\libgcc.a(_ashiftlt.o)
                0x0000000006024d68                ___ashlsi3
                0x0000000006024d6c                ___ashlsi3_r0
 .text          0x0000000006024e24       0x78 d:/projects/saturn/yaul/opt/x-tools/sh2eb-elf/bin/../lib/gcc/sh2eb-elf/8.3.0\libgcc.a(_movmem.o)
                0x0000000006024e24                ___movmem
                0x0000000006024e24                ___movstr
                0x0000000006024e58                ___movstrSI64
                0x0000000006024e58                ___movmemSI64
                0x0000000006024e5c                ___movstrSI60
                0x0000000006024e5c                ___movmemSI60
                0x0000000006024e60                ___movstrSI56
                0x0000000006024e60                ___movmemSI56
                0x0000000006024e64                ___movstrSI52
                0x0000000006024e64                ___movmemSI52
                0x0000000006024e68                ___movstrSI48
                0x0000000006024e68                ___movmemSI48
                0x0000000006024e6c                ___movmemSI44
                0x0000000006024e6c                ___movstrSI44
                0x0000000006024e70                ___movstrSI40
                0x0000000006024e70                ___movmemSI40
                0x0000000006024e74                ___movmemSI36
                0x0000000006024e74                ___movstrSI36
                0x0000000006024e78                ___movmemSI32
                0x0000000006024e78                ___movstrSI32
                0x0000000006024e7c                ___movstrSI28
                0x0000000006024e7c                ___movmemSI28
                0x0000000006024e80                ___movmemSI24
                0x0000000006024e80                ___movstrSI24
                0x0000000006024e84                ___movstrSI20
                0x0000000006024e84                ___movmemSI20
                0x0000000006024e88                ___movstrSI16
                0x0000000006024e88                ___movmemSI16
                0x0000000006024e8c                ___movstrSI12
                0x0000000006024e8c                ___movmemSI12
                0x0000000006024e90                ___movmemSI8
                0x0000000006024e90                ___movstrSI8
                0x0000000006024e94                ___movmemSI4
                0x0000000006024e94                ___movstrSI4
 .text          0x0000000006024e9c       0xa0 d:/projects/saturn/yaul/opt/x-tools/sh2eb-elf/bin/../lib/gcc/sh2eb-elf/8.3.0\libgcc.a(_sdivsi3.o)
                0x0000000006024e9c                ___sdivsi3
 .text          0x0000000006024f3c       0x6c d:/projects/saturn/yaul/opt/x-tools/sh2eb-elf/bin/../lib/gcc/sh2eb-elf/8.3.0\libgcc.a(_udivsi3.o)
                0x0000000006024f5e                ___udivsi3
 .text          0x0000000006024fa8      0x1e0 d:/projects/saturn/yaul/opt/x-tools/sh2eb-elf/bin/../lib/gcc/sh2eb-elf/8.3.0\libgcc.a(_mul_df.o)
                0x0000000006024fa8                ___muldf3
 .text          0x0000000006025188      0x11c d:/projects/saturn/yaul/opt/x-tools/sh2eb-elf/bin/../lib/gcc/sh2eb-elf/8.3.0\libgcc.a(_div_df.o)
                0x0000000006025188                ___divdf3
 .text          0x00000000060252a4       0x50 d:/projects/saturn/yaul/opt/x-tools/sh2eb-elf/bin/../lib/gcc/sh2eb-elf/8.3.0\libgcc.a(_ge_df.o)
                0x00000000060252a4                ___gedf2
 .text          0x00000000060252f4       0x50 d:/projects/saturn/yaul/opt/x-tools/sh2eb-elf/bin/../lib/gcc/sh2eb-elf/8.3.0\libgcc.a(_lt_df.o)
                0x00000000060252f4                ___ltdf2
 .text          0x0000000006025344       0x74 d:/projects/saturn/yaul/opt/x-tools/sh2eb-elf/bin/../lib/gcc/sh2eb-elf/8.3.0\libgcc.a(_si_to_df.o)
                0x0000000006025344                ___floatsidf
 .text          0x00000000060253b8       0x68 d:/projects/saturn/yaul/opt/x-tools/sh2eb-elf/bin/../lib/gcc/sh2eb-elf/8.3.0\libgcc.a(_df_to_si.o)
                0x00000000060253b8                ___fixdfsi
 .text          0x0000000006025420        0x0 d:/projects/saturn/yaul/opt/x-tools/sh2eb-elf/bin/../lib/gcc/sh2eb-elf/8.3.0\libgcc.a(_thenan_df.o)
 .text          0x0000000006025420       0x4c d:/projects/saturn/yaul/opt/x-tools/sh2eb-elf/bin/../lib/gcc/sh2eb-elf/8.3.0\libgcc.a(_lshrdi3.o)
                0x0000000006025420                ___lshrdi3
 .text          0x000000000602546c       0x50 d:/projects/saturn/yaul/opt/x-tools/sh2eb-elf/bin/../lib/gcc/sh2eb-elf/8.3.0\libgcc.a(_ashldi3.o)
                0x000000000602546c                ___ashldi3
 .text          0x00000000060254bc       0x48 d:/projects/saturn/yaul/opt/x-tools/sh2eb-elf/bin/../lib/gcc/sh2eb-elf/8.3.0\libgcc.a(_clzsi2.o)
                0x00000000060254bc                ___clzsi2
 .text          0x0000000006025504      0x158 d:/projects/saturn/yaul/opt/x-tools/sh2eb-elf/bin/../lib/gcc/sh2eb-elf/8.3.0\libgcc.a(_pack_df.o)
                0x0000000006025504                ___pack_d
 .text          0x000000000602565c       0xc4 d:/projects/saturn/yaul/opt/x-tools/sh2eb-elf/bin/../lib/gcc/sh2eb-elf/8.3.0\libgcc.a(_unpack_df.o)
                0x000000000602565c                ___unpack_d
 .text          0x0000000006025720       0xb0 d:/projects/saturn/yaul/opt/x-tools/sh2eb-elf/bin/../lib/gcc/sh2eb-elf/8.3.0\libgcc.a(_fpcmp_parts_df.o)
                0x0000000006025720                ___fpcmp_parts_d
 .text          0x00000000060257d0       0xbc d:/projects/saturn/yaul/opt/x-tools/sh2eb-elf/bin/../lib/gcc/sh2eb-elf/8.3.0\libgcc.a(_lshiftrt.o)
                0x00000000060257d0                ___lshrsi3
                0x00000000060257d4                ___lshrsi3_r0
 .text          0x000000000602588c        0x0 d:/projects/saturn/yaul/opt/x-tools/sh2eb-elf/bin/../lib/gcc/sh2eb-elf/8.3.0\libgcc.a(_clz.o)
 .text          0x000000000602588c        0x0 d:/projects/saturn/yaul/opt/x-tools/sh2eb-elf/bin/../lib/gcc/sh2eb-elf/8.3.0/../../../../sh2eb-elf/lib\libyaul.a(internal.o)
 .text          0x000000000602588c      0x184 d:/projects/saturn/yaul/opt/x-tools/sh2eb-elf/bin/../lib/gcc/sh2eb-elf/8.3.0/../../../../sh2eb-elf/lib\libyaul.a(dbgio.o)
                0x000000000602588c                _dbgio_dev_deinit
                0x00000000060258cc                _dbgio_dev_init
                0x000000000602595c                _dbgio_dev_default_init
                0x0000000006025978                _dbgio_init
                0x000000000602598c                _dbgio_buffer
                0x00000000060259e0                _dbgio_flush
 .text          0x0000000006025a10       0x10 d:/projects/saturn/yaul/opt/x-tools/sh2eb-elf/bin/../lib/gcc/sh2eb-elf/8.3.0/../../../../sh2eb-elf/lib\libyaul.a(null.o)
 .text          0x0000000006025a20      0x9b8 d:/projects/saturn/yaul/opt/x-tools/sh2eb-elf/bin/../lib/gcc/sh2eb-elf/8.3.0/../../../../sh2eb-elf/lib\libyaul.a(vdp2.o)
 .text          0x00000000060263d8      0x1a0 d:/projects/saturn/yaul/opt/x-tools/sh2eb-elf/bin/../lib/gcc/sh2eb-elf/8.3.0/../../../../sh2eb-elf/lib\libyaul.a(usb-cart.o)
 .text          0x0000000006026578      0x5f0 d:/projects/saturn/yaul/opt/x-tools/sh2eb-elf/bin/../lib/gcc/sh2eb-elf/8.3.0/../../../../sh2eb-elf/lib\libyaul.a(cons.o)
                0x000000000602696c                _cons_init
                0x0000000006026a70                _cons_buffer
 .text          0x0000000006026b68      0x5a0 d:/projects/saturn/yaul/opt/x-tools/sh2eb-elf/bin/../lib/gcc/sh2eb-elf/8.3.0/../../../../sh2eb-elf/lib\libyaul.a(dma-queue.o)
                0x0000000006026c6c                _dma_queue_init
                0x0000000006026d40                _dma_queue_enqueue
                0x0000000006026e70                _dma_queue_flush_wait
                0x0000000006026e88                _dma_queue_tag_clear
                0x0000000006026f70                _dma_queue_clear
                0x0000000006026f8c                _dma_queue_flush
                0x0000000006027080                _dma_queue_count_get
                0x0000000006027104                _dma_queue_capacity_get
 .text          0x0000000006027108      0xd88 d:/projects/saturn/yaul/opt/x-tools/sh2eb-elf/bin/../lib/gcc/sh2eb-elf/8.3.0/../../../../sh2eb-elf/lib\libyaul.a(tlsf.o)
                0x0000000006027718                _tlsf_check
                0x0000000006027890                _tlsf_walk_pool
                0x00000000060278e8                _tlsf_block_size
                0x00000000060278fa                _tlsf_check_pool
                0x0000000006027920                _tlsf_size
                0x0000000006027928                _tlsf_align_size
                0x000000000602792c                _tlsf_block_size_min
                0x0000000006027930                _tlsf_block_size_max
                0x000000000602793c                _tlsf_pool_overhead
                0x0000000006027940                _tlsf_alloc_overhead
                0x0000000006027944                _tlsf_add_pool
                0x0000000006027998                _tlsf_remove_pool
                0x0000000006027a38                _tlsf_create
                0x0000000006027a72                _tlsf_create_with_pool
                0x0000000006027aac                _tlsf_destroy
                0x0000000006027ab0                _tlsf_get_pool
                0x0000000006027ab8                _tlsf_malloc
                0x0000000006027b2c                _tlsf_memalign
                0x0000000006027c4c                _tlsf_free
                0x0000000006027d2c                _tlsf_realloc
 .text          0x0000000006027e90      0x118 d:/projects/saturn/yaul/opt/x-tools/sh2eb-elf/bin/../lib/gcc/sh2eb-elf/8.3.0/../../../../sh2eb-elf/lib\libyaul.a(ctype.o)
                0x0000000006027e90                _isalnum
                0x0000000006027ea0                _isalpha
                0x0000000006027eb0                _isascii
                0x0000000006027eb8                _isblank
                0x0000000006027ed0                _iscntrl
                0x0000000006027ee0                _isdigit
                0x0000000006027ef0                _isgraph
                0x0000000006027f00                _islower
                0x0000000006027f14                _isprint
                0x0000000006027f24                _ispunct
                0x0000000006027f34                _isspace
                0x0000000006027f44                _isupper
                0x0000000006027f58                _isxdigit
                0x0000000006027f68                _tolower
                0x0000000006027f88                _toupper
 .text          0x0000000006027fa8      0x2ee d:/projects/saturn/yaul/opt/x-tools/sh2eb-elf/bin/../lib/gcc/sh2eb-elf/8.3.0/../../../../sh2eb-elf/lib\libyaul.a(memcpy.o)
                0x0000000006027fa8                _memcpy
 *fill*         0x0000000006028296        0x2 
 .text          0x0000000006028298       0xcc d:/projects/saturn/yaul/opt/x-tools/sh2eb-elf/bin/../lib/gcc/sh2eb-elf/8.3.0/../../../../sh2eb-elf/lib\libyaul.a(memset.o)
                0x0000000006028298                _memset
 .text          0x0000000006028364       0x4c d:/projects/saturn/yaul/opt/x-tools/sh2eb-elf/bin/../lib/gcc/sh2eb-elf/8.3.0/../../../../sh2eb-elf/lib\libyaul.a(strcasestr.o)
                0x0000000006028364                _strcasestr
 .text          0x00000000060283b0       0x2c d:/projects/saturn/yaul/opt/x-tools/sh2eb-elf/bin/../lib/gcc/sh2eb-elf/8.3.0/../../../../sh2eb-elf/lib\libyaul.a(strcat.o)
                0x00000000060283b0                _strcat
 .text          0x00000000060283dc       0x14 d:/projects/saturn/yaul/opt/x-tools/sh2eb-elf/bin/../lib/gcc/sh2eb-elf/8.3.0/../../../../sh2eb-elf/lib\libyaul.a(strcmp.o)
                0x00000000060283dc                _strcmp
 .text          0x00000000060283f0       0x18 d:/projects/saturn/yaul/opt/x-tools/sh2eb-elf/bin/../lib/gcc/sh2eb-elf/8.3.0/../../../../sh2eb-elf/lib\libyaul.a(strcpy.o)
                0x00000000060283f0                _strcpy
 .text          0x0000000006028408       0x44 d:/projects/saturn/yaul/opt/x-tools/sh2eb-elf/bin/../lib/gcc/sh2eb-elf/8.3.0/../../../../sh2eb-elf/lib\libyaul.a(strlen.o)
                0x0000000006028408                _strlen
 .text          0x000000000602844c       0x74 d:/projects/saturn/yaul/opt/x-tools/sh2eb-elf/bin/../lib/gcc/sh2eb-elf/8.3.0/../../../../sh2eb-elf/lib\libyaul.a(strncasecmp.o)
                0x000000000602844c                _strncasecmp
 .text          0x00000000060284c0       0x2e d:/projects/saturn/yaul/opt/x-tools/sh2eb-elf/bin/../lib/gcc/sh2eb-elf/8.3.0/../../../../sh2eb-elf/lib\libyaul.a(strncmp.o)
                0x00000000060284c0                _strncmp
 *fill*         0x00000000060284ee        0x2 
 .text          0x00000000060284f0       0x18 d:/projects/saturn/yaul/opt/x-tools/sh2eb-elf/bin/../lib/gcc/sh2eb-elf/8.3.0/../../../../sh2eb-elf/lib\libyaul.a(strncpy.o)
                0x00000000060284f0                _strncpy
 .text          0x0000000006028508      0x4a8 d:/projects/saturn/yaul/opt/x-tools/sh2eb-elf/bin/../lib/gcc/sh2eb-elf/8.3.0/../../../../sh2eb-elf/lib\libyaul.a(snprintf.o)
                0x000000000602854c                _sprintf
 .text          0x00000000060289b0        0xa d:/projects/saturn/yaul/opt/x-tools/sh2eb-elf/bin/../lib/gcc/sh2eb-elf/8.3.0/../../../../sh2eb-elf/lib\libyaul.a(abort.o)
                0x00000000060289b0                _abort
 .text          0x00000000060289ba        0xc d:/projects/saturn/yaul/opt/x-tools/sh2eb-elf/bin/../lib/gcc/sh2eb-elf/8.3.0/../../../../sh2eb-elf/lib\libyaul.a(abs.o)
                0x00000000060289ba                _abs
 *fill*         0x00000000060289c6        0x2 
 .text          0x00000000060289c8       0xdc d:/projects/saturn/yaul/opt/x-tools/sh2eb-elf/bin/../lib/gcc/sh2eb-elf/8.3.0/../../../../sh2eb-elf/lib\libyaul.a(assert.o)
                0x00000000060289c8                __assert
 .text          0x0000000006028aa4       0x18 d:/projects/saturn/yaul/opt/x-tools/sh2eb-elf/bin/../lib/gcc/sh2eb-elf/8.3.0/../../../../sh2eb-elf/lib\libyaul.a(free.o)
                0x0000000006028aa4                _free
 .text          0x0000000006028abc       0x14 d:/projects/saturn/yaul/opt/x-tools/sh2eb-elf/bin/../lib/gcc/sh2eb-elf/8.3.0/../../../../sh2eb-elf/lib\libyaul.a(malloc.o)
                0x0000000006028abc                _malloc
 .text          0x0000000006028ad0      0x124 d:/projects/saturn/yaul/opt/x-tools/sh2eb-elf/bin/../lib/gcc/sh2eb-elf/8.3.0/../../../../sh2eb-elf/lib\libyaul.a(dram-cart.o)
                0x0000000006028ad0                _dram_cart_init
                0x0000000006028bb8                _dram_cart_area_get
                0x0000000006028bc4                _dram_cart_id_get
                0x0000000006028bd0                _dram_cart_size_get
 .text          0x0000000006028bf4      0x1dc d:/projects/saturn/yaul/opt/x-tools/sh2eb-elf/bin/../lib/gcc/sh2eb-elf/8.3.0/../../../../sh2eb-elf/lib\libyaul.a(vdp_init.o)
                0x0000000006028c4c                _vdp_init
 .text          0x0000000006028dd0      0x720 d:/projects/saturn/yaul/opt/x-tools/sh2eb-elf/bin/../lib/gcc/sh2eb-elf/8.3.0/../../../../sh2eb-elf/lib\libyaul.a(vdp_sync.o)
                0x0000000006029028                _vdp1_sync_drawing
                0x0000000006029044                _vdp1_sync_draw_wait
                0x000000000602909c                _vdp_sync
                0x00000000060291b0                _vdp1_sync_draw
                0x0000000006029274                _vdp1_sync_last_command_get
                0x0000000006029280                _vdp2_sync_commit
                0x0000000006029344                _vdp_sync_vblank_in_set
                0x0000000006029358                _vdp_sync_vblank_out_set
                0x000000000602936c                _vdp_sync_init
                0x00000000060294a8                _vdp_sync_user_callback_add
                0x00000000060294c8                _vdp_sync_user_callback_remove
                0x00000000060294dc                _vdp_sync_user_callback_clear
 .text          0x00000000060294f0        0x0 d:/projects/saturn/yaul/opt/x-tools/sh2eb-elf/bin/../lib/gcc/sh2eb-elf/8.3.0/../../../../sh2eb-elf/lib\libyaul.a(vdp-internal.o)
 .text          0x00000000060294f0       0xe4 d:/projects/saturn/yaul/opt/x-tools/sh2eb-elf/bin/../lib/gcc/sh2eb-elf/8.3.0/../../../../sh2eb-elf/lib\libyaul.a(vdp1_env.o)
                0x00000000060294f0                _vdp1_env_set
                0x00000000060295c4                _vdp1_env_default_set
 .text          0x00000000060295d4       0xd4 d:/projects/saturn/yaul/opt/x-tools/sh2eb-elf/bin/../lib/gcc/sh2eb-elf/8.3.0/../../../../sh2eb-elf/lib\libyaul.a(vdp1_vram.o)
                0x00000000060295d4                _vdp1_vram_partitions_set
                0x0000000006029644                _vdp1_vram_texture_base_get
                0x0000000006029650                _vdp1_vram_texture_size_get
                0x0000000006029660                _vdp1_vram_gouraud_base_get
                0x000000000602966c                _vdp1_vram_gouraud_size_get
                0x000000000602967c                _vdp1_vram_clut_size_get
                0x0000000006029690                _vdp1_vram_clut_base_get
                0x000000000602969c                _vdp1_vram_remaining_get
 .text          0x00000000060296a8       0xc4 d:/projects/saturn/yaul/opt/x-tools/sh2eb-elf/bin/../lib/gcc/sh2eb-elf/8.3.0/../../../../sh2eb-elf/lib\libyaul.a(vdp2_cram.o)
                0x00000000060296a8                _vdp2_cram_mode_set
                0x00000000060296d0                _vdp2_cram_offset_set
 .text          0x000000000602976c      0xa34 d:/projects/saturn/yaul/opt/x-tools/sh2eb-elf/bin/../lib/gcc/sh2eb-elf/8.3.0/../../../../sh2eb-elf/lib\libyaul.a(vdp2_scrn.o)
                0x0000000006029898                _vdp2_scrn_cell_format_set
                0x0000000006029e50                _vdp2_scrn_bitmap_format_set
 .text          0x000000000602a1a0       0x80 d:/projects/saturn/yaul/opt/x-tools/sh2eb-elf/bin/../lib/gcc/sh2eb-elf/8.3.0/../../../../sh2eb-elf/lib\libyaul.a(vdp2_scrn_back_screen.o)
                0x000000000602a1a0                _vdp2_scrn_back_screen_color_set
                0x000000000602a1dc                _vdp2_scrn_back_screen_buffer_set
 .text          0x000000000602a220       0x38 d:/projects/saturn/yaul/opt/x-tools/sh2eb-elf/bin/../lib/gcc/sh2eb-elf/8.3.0/../../../../sh2eb-elf/lib\libyaul.a(vdp2_scrn_display.o)
                0x000000000602a220                _vdp2_scrn_display_set
                0x000000000602a248                _vdp2_scrn_display_unset
                0x000000000602a24c                _vdp2_scrn_display_clear
 .text          0x000000000602a258       0xa4 d:/projects/saturn/yaul/opt/x-tools/sh2eb-elf/bin/../lib/gcc/sh2eb-elf/8.3.0/../../../../sh2eb-elf/lib\libyaul.a(vdp2_scrn_priority.o)
                0x000000000602a258                _vdp2_scrn_priority_set
                0x000000000602a2c0                _vdp2_scrn_priority_get
 .text          0x000000000602a2fc       0xbc d:/projects/saturn/yaul/opt/x-tools/sh2eb-elf/bin/../lib/gcc/sh2eb-elf/8.3.0/../../../../sh2eb-elf/lib\libyaul.a(vdp2_scrn_reduction.o)
                0x000000000602a2fc                _vdp2_scrn_reduction_set
                0x000000000602a330                _vdp2_scrn_reduction_x_set
                0x000000000602a374                _vdp2_scrn_reduction_y_set
 .text          0x000000000602a3b8      0x2d8 d:/projects/saturn/yaul/opt/x-tools/sh2eb-elf/bin/../lib/gcc/sh2eb-elf/8.3.0/../../../../sh2eb-elf/lib\libyaul.a(vdp2_scrn_scroll.o)
                0x000000000602a416                _vdp2_scrn_scroll_x_set
                0x000000000602a494                _vdp2_scrn_scroll_y_set
                0x000000000602a520                _vdp2_scrn_scroll_x_update
                0x000000000602a5dc                _vdp2_scrn_scroll_y_update
 .text          0x000000000602a690      0x15c d:/projects/saturn/yaul/opt/x-tools/sh2eb-elf/bin/../lib/gcc/sh2eb-elf/8.3.0/../../../../sh2eb-elf/lib\libyaul.a(vdp2_tvmd.o)
                0x000000000602a690                _vdp2_tvmd_display_clear
                0x000000000602a6a4                _vdp2_tvmd_display_set
                0x000000000602a6b8                _vdp2_tvmd_display_res_get
                0x000000000602a6c8                _vdp2_tvmd_display_res_set
 .text          0x000000000602a7ec      0x170 d:/projects/saturn/yaul/opt/x-tools/sh2eb-elf/bin/../lib/gcc/sh2eb-elf/8.3.0/../../../../sh2eb-elf/lib\libyaul.a(vdp2_vram.o)
                0x000000000602a7ec                _vdp2_vram_control_set
                0x000000000602a858                _vdp2_vram_cycp_set
                0x000000000602a8e4                _vdp2_vram_cycp_clear
                0x000000000602a8f8                _vdp2_vram_cycp_bank_get
                0x000000000602a91c                _vdp2_vram_cycp_bank_set
                0x000000000602a948                _vdp2_vram_cycp_bank_clear
 .text          0x000000000602a95c        0x0 d:/projects/saturn/yaul/opt/x-tools/sh2eb-elf/bin/../lib/gcc/sh2eb-elf/8.3.0/../../../../sh2eb-elf/lib\libyaul.a(cpu_cache.o)
 .text          0x000000000602a95c      0x328 d:/projects/saturn/yaul/opt/x-tools/sh2eb-elf/bin/../lib/gcc/sh2eb-elf/8.3.0/../../../../sh2eb-elf/lib\libyaul.a(cpu_dmac.o)
                0x000000000602aa24                _cpu_dmac_status_get
                0x000000000602aaa8                _cpu_dmac_channel_config_set
                0x000000000602ab9c                _cpu_dmac_channel_wait
                0x000000000602abca                _cpu_dmac_init
 *fill*         0x000000000602ac84        0xc 
 .text          0x000000000602ac90      0x2e0 d:/projects/saturn/yaul/opt/x-tools/sh2eb-elf/bin/../lib/gcc/sh2eb-elf/8.3.0/../../../../sh2eb-elf/lib\libyaul.a(cpu_dual.o)
                0x000000000602adc4                _cpu_dual_master_set
                0x000000000602adfc                _cpu_dual_init
                0x000000000602aec8                _cpu_dual_slave_set
                0x000000000602aee0                _cpu_dual_executor_get
 .text          0x000000000602af70      0x338 d:/projects/saturn/yaul/opt/x-tools/sh2eb-elf/bin/../lib/gcc/sh2eb-elf/8.3.0/../../../../sh2eb-elf/lib\libyaul.a(cpu_frt.o)
                0x000000000602b088                _cpu_frt_oca_set
                0x000000000602b114                _cpu_frt_ocb_set
                0x000000000602b19c                _cpu_frt_ovi_set
                0x000000000602b1e4                _cpu_frt_init
 *fill*         0x000000000602b2a8        0x8 
 .text          0x000000000602b2b0      0x5a0 d:/projects/saturn/yaul/opt/x-tools/sh2eb-elf/bin/../lib/gcc/sh2eb-elf/8.3.0/../../../../sh2eb-elf/lib\libyaul.a(cpu_init.o)
                0x000000000602b73c                _cpu_init
 .text          0x000000000602b850      0x144 d:/projects/saturn/yaul/opt/x-tools/sh2eb-elf/bin/../lib/gcc/sh2eb-elf/8.3.0/../../../../sh2eb-elf/lib\libyaul.a(cpu_wdt.o)
                0x000000000602b8d4                _cpu_wdt_init
                0x000000000602b940                _cpu_wdt_timer_mode_set
 .text          0x000000000602b994        0x4 d:/projects/saturn/yaul/opt/x-tools/sh2eb-elf/bin/../lib/gcc/sh2eb-elf/8.3.0/../../../../sh2eb-elf/lib\libyaul.a(smpc_init.o)
                0x000000000602b994                _smpc_init
 .text          0x000000000602b998      0x5e8 d:/projects/saturn/yaul/opt/x-tools/sh2eb-elf/bin/../lib/gcc/sh2eb-elf/8.3.0/../../../../sh2eb-elf/lib\libyaul.a(smpc_peripheral_init.o)
                0x000000000602bd18                _smpc_peripheral_init
                0x000000000602bda8                _smpc_peripheral_intback_issue
                0x000000000602bddc                _smpc_peripheral_process
 .text          0x000000000602bf80       0x38 d:/projects/saturn/yaul/opt/x-tools/sh2eb-elf/bin/../lib/gcc/sh2eb-elf/8.3.0/../../../../sh2eb-elf/lib\libyaul.a(scu_init.o)
                0x000000000602bf80                _scu_init
 .text          0x000000000602bfb8      0x2e4 d:/projects/saturn/yaul/opt/x-tools/sh2eb-elf/bin/../lib/gcc/sh2eb-elf/8.3.0/../../../../sh2eb-elf/lib\libyaul.a(scu_dma.o)
                0x000000000602bfb8                _scu_dma_init
                0x000000000602c01c                _scu_dma_config_buffer
                0x000000000602c114                _scu_dma_config_set
                0x000000000602c268                _scu_dma_level_unused_get
 .text          0x000000000602c29c      0x3d8 d:/projects/saturn/yaul/opt/x-tools/sh2eb-elf/bin/../lib/gcc/sh2eb-elf/8.3.0/../../../../sh2eb-elf/lib\libyaul.a(scu_dsp.o)
                0x000000000602c2f8                _scu_dsp_end_set
                0x000000000602c33c                _scu_dsp_program_pc_set
                0x000000000602c3a4                _scu_dsp_program_load
                0x000000000602c3c0                _scu_dsp_program_start
                0x000000000602c3e4                _scu_dsp_program_stop
                0x000000000602c404                _scu_dsp_program_step
                0x000000000602c470                _scu_dsp_program_end
                0x000000000602c48c                _scu_dsp_program_end_wait
                0x000000000602c4b0                _scu_dsp_program_clear
                0x000000000602c504                _scu_dsp_init
                0x000000000602c558                _scu_dsp_dma_busy
                0x000000000602c574                _scu_dsp_dma_wait
                0x000000000602c58c                _scu_dsp_data_read
                0x000000000602c5cc                _scu_dsp_data_write
                0x000000000602c60c                _scu_dsp_status_get
 .text          0x000000000602c674       0xac d:/projects/saturn/yaul/opt/x-tools/sh2eb-elf/bin/../lib/gcc/sh2eb-elf/8.3.0/../../../../sh2eb-elf/lib\libyaul.a(scu_timer.o)
                0x000000000602c674                _scu_timer_t0_set
                0x000000000602c6b0                _scu_timer_t1_set
                0x000000000602c6ec                _scu_timer_init
 .text          0x000000000602c720       0x44 d:/projects/saturn/yaul/opt/x-tools/sh2eb-elf/bin/../lib/gcc/sh2eb-elf/8.3.0/../../../../sh2eb-elf/lib\libyaul.a(internal.o)
                0x000000000602c720                __internal_malloc
                0x000000000602c734                __internal_realloc
                0x000000000602c74c                __internal_free
 .text          0x000000000602c764      0x1f0 d:/projects/saturn/yaul/opt/x-tools/sh2eb-elf/bin/../lib/gcc/sh2eb-elf/8.3.0/../../../../sh2eb-elf/lib\libyaul.a(internal_reset.o)
                0x000000000602c770                __internal_reset
 .text          0x000000000602c954      0x404 d:/projects/saturn/yaul/opt/x-tools/sh2eb-elf/bin/../lib/gcc/sh2eb-elf/8.3.0/../../../../sh2eb-elf/lib\libyaul.a(callback-list.o)
                0x000000000602c958                _callback_list_free
                0x000000000602c9b0                _callback_list_init
                0x000000000602ca0c                _callback_list_callback_remove
                0x000000000602ca48                _callback_init
                0x000000000602caa0                _callback_list_process
                0x000000000602cb78                _callback_list_clear
                0x000000000602cbfc                _callback_list_alloc
                0x000000000602cc8c                _callback_set
                0x000000000602ccf0                _callback_list_callback_add
 .text          0x000000000602cd58      0x124 d:/projects/saturn/yaul/opt/x-tools/sh2eb-elf/bin/../lib/gcc/sh2eb-elf/8.3.0/../../../../sh2eb-elf/lib\libyaul.a(memb.o)
                0x000000000602cd58                _memb_init
                0x000000000602cd8c                _memb_alloc
                0x000000000602cdfe                _memb_free
                0x000000000602ce54                _memb_size
                0x000000000602ce60                _memb_bounds
 .text          0x000000000602ce7c       0x58 d:/projects/saturn/yaul/opt/x-tools/sh2eb-elf/bin/../lib/gcc/sh2eb-elf/8.3.0/../../../../sh2eb-elf/lib\libyaul.a(stpcpy.o)
                0x000000000602ce7c                _stpcpy
 .text          0x000000000602ced4       0x9c d:/projects/saturn/yaul/opt/x-tools/sh2eb-elf/bin/../lib/gcc/sh2eb-elf/8.3.0/../../../../sh2eb-elf/lib\libyaul.a(stpncpy.o)
                0x000000000602ced4                _stpncpy
 .text          0x000000000602cf70       0x28 d:/projects/saturn/yaul/opt/x-tools/sh2eb-elf/bin/../lib/gcc/sh2eb-elf/8.3.0/../../../../sh2eb-elf/lib\libyaul.a(strnlen.o)
                0x000000000602cf70                _strnlen
 .text          0x000000000602cf98       0x8c d:/projects/saturn/yaul/opt/x-tools/sh2eb-elf/bin/../lib/gcc/sh2eb-elf/8.3.0/../../../../sh2eb-elf/lib\libyaul.a(vdp2_sprite.o)
                0x000000000602cf98                _vdp2_sprite_priority_set
 .text          0x000000000602d024      0x108 d:/projects/saturn/yaul/opt/x-tools/sh2eb-elf/bin/../lib/gcc/sh2eb-elf/8.3.0/../../../../sh2eb-elf/lib\libyaul.a(cpu_divu.o)
                0x000000000602d0a0                _cpu_divu_ovfi_set
                0x000000000602d0e0                _cpu_divu_init
 .text          0x000000000602d12c       0x84 d:/projects/saturn/yaul/opt/x-tools/sh2eb-elf/bin/../lib/gcc/sh2eb-elf/8.3.0/../../../../sh2eb-elf/lib\libyaul.a(memchr.o)
                0x000000000602d12c                _memchr
 .text          0x000000000602d1b0       0x50 d:/projects/saturn/yaul/opt/x-tools/sh2eb-elf/bin/../lib/gcc/sh2eb-elf/8.3.0\libgcc.a(_ffssi2.o)
                0x000000000602d1b0                ___ffssi2
 *(.text.*)
 .text.startup  0x000000000602d200       0x14 sh2doom-1.10/i_main.o
                0x000000000602d200                _main
 *(.gnu.linkonce.t.*)
                0x000000000602d220                . = ALIGN (0x10)
 *fill*         0x000000000602d214        0xc 
                0x000000000602d220                __INIT_SECTION__ = .
 *(.init)
 .init          0x000000000602d220       0xb8 d:/projects/saturn/yaul/opt/x-tools/sh2eb-elf/bin/../lib/gcc/sh2eb-elf/8.3.0/../../../../sh2eb-elf/lib/init.o
                0x000000000602d2d8        0x2 SHORT 0xb
                0x000000000602d2da        0x2 SHORT 0x9
                0x000000000602d2e0                . = ALIGN (0x10)
 *fill*         0x000000000602d2dc        0x4 
                0x000000000602d2e0                __FINI_SECTION__ = .
 *(.fini)
 .fini          0x000000000602d2e0       0x10 d:/projects/saturn/yaul/opt/x-tools/sh2eb-elf/bin/../lib/gcc/sh2eb-elf/8.3.0/../../../../sh2eb-elf/lib/init.o
                0x000000000602d2f0        0x2 SHORT 0xb
                0x000000000602d2f2        0x2 SHORT 0x9
                0x000000000602d300                . = ALIGN (0x10)
 *fill*         0x000000000602d2f4        0xc 
                0x000000000602d300                __CTOR_LIST__ = .
                0x000000000602d300                ___CTOR_LIST__ = .
                0x000000000602d300        0x4 LONG 0x0 (((__CTOR_END__ - __CTOR_LIST__) / 0x4) - 0x2)
 *(SORT_BY_NAME(.ctors.*))
 *(.ctors)
                0x000000000602d304        0x4 LONG 0x0
                0x000000000602d308                __CTOR_END__ = .
                0x000000000602d310                . = ALIGN (0x10)
 *fill*         0x000000000602d308        0x8 
                0x000000000602d310                __DTOR_LIST__ = .
                0x000000000602d310                ___DTOR_LIST__ = .
                0x000000000602d310        0x4 LONG 0x0 (((__DTOR_END__ - __DTOR_LIST__) / 0x4) - 0x2)
 *(SORT_BY_NAME(.dtors.*))
 *(.dtors)
                0x000000000602d314        0x4 LONG 0x0
                0x000000000602d318                __DTOR_END__ = .
                0x000000000602d320                . = ALIGN (0x10)
 *fill*         0x000000000602d318        0x8 
 *(.rdata)
 *(.rodata)
 .rodata        0x000000000602d320       0x1a d:/projects/saturn/yaul/opt/x-tools/sh2eb-elf/bin/../lib/gcc/sh2eb-elf/8.3.0/../../../../sh2eb-elf/lib/c++-support.o
 *fill*         0x000000000602d33a        0x2 
 .rodata        0x000000000602d33c       0x30 sh2doom-1.10/am_map.o
 .rodata        0x000000000602d36c       0xb8 sh2doom-1.10/d_main.o
 .rodata        0x000000000602d424       0x18 sh2doom-1.10/f_wipe.o
 .rodata        0x000000000602d43c      0x104 sh2doom-1.10/hu_stuff.o
                0x000000000602d440                _english_shiftxform
                0x000000000602d4c0                _french_shiftxform
 .rodata        0x000000000602d540        0xc sh2doom-1.10/s_sound.o
                0x000000000602d540                _snd_prefixen
 .rodata        0x000000000602d54c      0x140 sh2doom-1.10/wi_stuff.o
 .rodata        0x000000000602d68c       0x14 d:/projects/saturn/yaul/opt/x-tools/sh2eb-elf/bin/../lib/gcc/sh2eb-elf/8.3.0\libgcc.a(_thenan_df.o)
                0x000000000602d68c                ___thenan_df
 .rodata        0x000000000602d6a0      0x100 d:/projects/saturn/yaul/opt/x-tools/sh2eb-elf/bin/../lib/gcc/sh2eb-elf/8.3.0\libgcc.a(_clz.o)
                0x000000000602d6a0                ___clz_tab
 .rodata        0x000000000602d7a0       0x14 d:/projects/saturn/yaul/opt/x-tools/sh2eb-elf/bin/../lib/gcc/sh2eb-elf/8.3.0/../../../../sh2eb-elf/lib\libyaul.a(dbgio.o)
 .rodata        0x000000000602d7b4       0x18 d:/projects/saturn/yaul/opt/x-tools/sh2eb-elf/bin/../lib/gcc/sh2eb-elf/8.3.0/../../../../sh2eb-elf/lib\libyaul.a(null.o)
                0x000000000602d7b4                __internal_dev_ops_null
 .rodata        0x000000000602d7cc      0x880 d:/projects/saturn/yaul/opt/x-tools/sh2eb-elf/bin/../lib/gcc/sh2eb-elf/8.3.0/../../../../sh2eb-elf/lib\libyaul.a(vdp2.o)
                0x000000000602d7cc                __internal_dev_ops_vdp2_simple
                0x000000000602d7e4                __internal_dev_ops_vdp2_async
                0x000000000602d84c                __font_cpd
 .rodata        0x000000000602e04c       0x18 d:/projects/saturn/yaul/opt/x-tools/sh2eb-elf/bin/../lib/gcc/sh2eb-elf/8.3.0/../../../../sh2eb-elf/lib\libyaul.a(usb-cart.o)
                0x000000000602e04c                __internal_dev_ops_usb_cart
 .rodata        0x000000000602e064      0xf1f d:/projects/saturn/yaul/opt/x-tools/sh2eb-elf/bin/../lib/gcc/sh2eb-elf/8.3.0/../../../../sh2eb-elf/lib\libyaul.a(cons.o)
 *fill*         0x000000000602ef83        0x1 
 .rodata        0x000000000602ef84      0x101 d:/projects/saturn/yaul/opt/x-tools/sh2eb-elf/bin/../lib/gcc/sh2eb-elf/8.3.0/../../../../sh2eb-elf/lib\libyaul.a(ctype.o)
 *fill*         0x000000000602f085        0x1 
 .rodata        0x000000000602f086        0x4 d:/projects/saturn/yaul/opt/x-tools/sh2eb-elf/bin/../lib/gcc/sh2eb-elf/8.3.0/../../../../sh2eb-elf/lib\libyaul.a(vdp_sync.o)
 *fill*         0x000000000602f08a        0x2 
 .rodata        0x000000000602f08c        0x8 d:/projects/saturn/yaul/opt/x-tools/sh2eb-elf/bin/../lib/gcc/sh2eb-elf/8.3.0/../../../../sh2eb-elf/lib\libyaul.a(vdp2_scrn_display.o)
 .rodata        0x000000000602f094        0x8 d:/projects/saturn/yaul/opt/x-tools/sh2eb-elf/bin/../lib/gcc/sh2eb-elf/8.3.0/../../../../sh2eb-elf/lib\libyaul.a(cpu_dual.o)
 .rodata        0x000000000602f09c        0xc d:/projects/saturn/yaul/opt/x-tools/sh2eb-elf/bin/../lib/gcc/sh2eb-elf/8.3.0/../../../../sh2eb-elf/lib\libyaul.a(smpc_peripheral_init.o)
 .rodata        0x000000000602f0a8       0x10 d:/projects/saturn/yaul/opt/x-tools/sh2eb-elf/bin/../lib/gcc/sh2eb-elf/8.3.0/../../../../sh2eb-elf/lib\libyaul.a(scu_dsp.o)
 *(.rodata.*)
 .rodata.str1.4
                0x000000000602f0b8       0x4b d:/projects/saturn/yaul/opt/x-tools/sh2eb-elf/bin/../lib/gcc/sh2eb-elf/8.3.0/../../../../sh2eb-elf/lib/c++-support.o
                                         0x4f (size before relaxing)
 *fill*         0x000000000602f103        0x1 
 .rodata.str1.4
                0x000000000602f104       0x8a sh2doom-1.10/am_map.o
 *fill*         0x000000000602f18e        0x2 
 .rodata.str1.4
                0x000000000602f190      0x793 sh2doom-1.10/d_main.o
 *fill*         0x000000000602f923        0x1 
 .rodata.str1.4
                0x000000000602f924      0x1c7 sh2doom-1.10/d_net.o
 *fill*         0x000000000602faeb        0x1 
 .rodata.str1.4
                0x000000000602faec      0x4bb sh2doom-1.10/dstrings.o
 *fill*         0x000000000602ffa7        0x1 
 .rodata.str1.4
                0x000000000602ffa8     0x1f51 sh2doom-1.10/f_finale.o
                                       0x1f69 (size before relaxing)
 *fill*         0x0000000006031ef9        0x3 
 .rodata.str1.4
                0x0000000006031efc      0x135 sh2doom-1.10/g_game.o
                                        0x13d (size before relaxing)
 *fill*         0x0000000006032031        0x3 
 .rodata.str1.4
                0x0000000006032034      0xcf0 sh2doom-1.10/hu_stuff.o
 .rodata.str1.4
                0x0000000006032d24        0xd sh2doom-1.10/i_sound.o
 *fill*         0x0000000006032d31        0x3 
 .rodata.str1.4
                0x0000000006032d34       0x1f sh2doom-1.10/i_video.o
 *fill*         0x0000000006032d53        0x1 
 .rodata.str1.4
                0x0000000006032d54      0x44d sh2doom-1.10/info.o
 *fill*         0x00000000060331a1        0x3 
 .rodata.str1.4
                0x00000000060331a4       0x19 sh2doom-1.10/m_fixed.o
 *fill*         0x00000000060331bd        0x3 
 .rodata.str1.4
                0x00000000060331c0      0x3a6 sh2doom-1.10/m_menu.o
                                        0x3c0 (size before relaxing)
 *fill*         0x0000000006033566        0x2 
 .rodata.str1.4
                0x0000000006033568      0x167 sh2doom-1.10/m_misc.o
                                        0x1fc (size before relaxing)
 *fill*         0x00000000060336cf        0x1 
 .rodata.str1.4
                0x00000000060336d0       0xfd sh2doom-1.10/p_doors.o
 *fill*         0x00000000060337cd        0x3 
 .rodata.str1.4
                0x00000000060337d0       0x3d sh2doom-1.10/p_enemy.o
 *fill*         0x000000000603380d        0x3 
 .rodata.str1.4
                0x0000000006033810      0x417 sh2doom-1.10/p_inter.o
 *fill*         0x0000000006033c27        0x1 
 .rodata.str1.4
                0x0000000006033c28       0x1f sh2doom-1.10/p_map.o
 *fill*         0x0000000006033c47        0x1 
 .rodata.str1.4
                0x0000000006033c48       0x2d sh2doom-1.10/p_mobj.o
 *fill*         0x0000000006033c75        0x3 
 .rodata.str1.4
                0x0000000006033c78       0x45 sh2doom-1.10/p_plats.o
 *fill*         0x0000000006033cbd        0x3 
 .rodata.str1.4
                0x0000000006033cc0       0x32 sh2doom-1.10/p_saveg.o
                                         0x52 (size before relaxing)
 *fill*         0x0000000006033cf2        0x2 
 .rodata.str1.4
                0x0000000006033cf4       0x2a sh2doom-1.10/p_setup.o
 *fill*         0x0000000006033d1e        0x2 
 .rodata.str1.4
                0x0000000006033d20       0x28 sh2doom-1.10/p_sight.o
 .rodata.str1.4
                0x0000000006033d48       0x5d sh2doom-1.10/p_spec.o
 *fill*         0x0000000006033da5        0x3 
 .rodata.str1.4
                0x0000000006033da8       0x25 sh2doom-1.10/p_switch.o
 *fill*         0x0000000006033dcd        0x3 
 .rodata.str1.4
                0x0000000006033dd0       0x23 sh2doom-1.10/r_bsp.o
 *fill*         0x0000000006033df3        0x1 
 .rodata.str1.4
                0x0000000006033df4      0x1ba sh2doom-1.10/r_data.o
                                        0x1c2 (size before relaxing)
 *fill*         0x0000000006033fae        0x2 
 .rodata.str1.4
                0x0000000006033fb0       0xa0 sh2doom-1.10/r_draw.o
 .rodata.str1.4
                0x0000000006034050       0x7e sh2doom-1.10/r_main.o
 *fill*         0x00000000060340ce        0x2 
 .rodata.str1.4
                0x00000000060340d0       0xd2 sh2doom-1.10/r_plane.o
 *fill*         0x00000000060341a2        0x2 
 .rodata.str1.4
                0x00000000060341a4       0x20 sh2doom-1.10/r_segs.o
 .rodata.str1.4
                0x00000000060341c4      0x1df sh2doom-1.10/r_things.o
 *fill*         0x00000000060343a3        0x1 
 .rodata.str1.4
                0x00000000060343a4       0x92 sh2doom-1.10/s_sound.o
 *fill*         0x0000000006034436        0x2 
 .rodata.str1.4
                0x0000000006034438      0x577 sh2doom-1.10/sounds.o
 *fill*         0x00000000060349af        0x1 
 .rodata.str1.4
                0x00000000060349b0       0x64 sh2doom-1.10/st_lib.o